<?xml version="1.0" encoding="UTF-8"?>
<testsuites>
  <testsuite name="C:\Users\serge\OneDrive\Documents\Fractal\Projects\Component\Swisseph\php-swisseph\phpunit.xml.dist" tests="140" assertions="1134" errors="0" failures="0" skipped="0" time="0.547901">
    <testsuite name="Swisseph Test Suite" tests="140" assertions="1134" errors="0" failures="0" skipped="0" time="0.547901">
      <testsuite name="AzaltRefractionTest" file="C:\Users\serge\OneDrive\Documents\Fractal\Projects\Component\Swisseph\php-swisseph\tests\phpunit\AzaltRefractionTest.php" tests="2" assertions="6" errors="0" failures="0" skipped="0" time="0.006303">
        <testcase name="testEquatorialHorizontalRoundtrip" file="C:\Users\serge\OneDrive\Documents\Fractal\Projects\Component\Swisseph\php-swisseph\tests\phpunit\AzaltRefractionTest.php" line="7" class="AzaltRefractionTest" classname="AzaltRefractionTest" assertions="4" time="0.006229"/>
        <testcase name="testRefractionNearHorizon" file="C:\Users\serge\OneDrive\Documents\Fractal\Projects\Component\Swisseph\php-swisseph\tests\phpunit\AzaltRefractionTest.php" line="32" class="AzaltRefractionTest" classname="AzaltRefractionTest" assertions="2" time="0.000074"/>
      </testsuite>
      <testsuite name="CalendarTest" file="C:\Users\serge\OneDrive\Documents\Fractal\Projects\Component\Swisseph\php-swisseph\tests\phpunit\CalendarTest.php" tests="7" assertions="33" errors="0" failures="0" skipped="0" time="0.002058">
        <testcase name="testDateConversionValid" file="C:\Users\serge\OneDrive\Documents\Fractal\Projects\Component\Swisseph\php-swisseph\tests\phpunit\CalendarTest.php" line="10" class="CalendarTest" classname="CalendarTest" assertions="6" time="0.001321"/>
        <testcase name="testDateConversionInvalidMonth" file="C:\Users\serge\OneDrive\Documents\Fractal\Projects\Component\Swisseph\php-swisseph\tests\phpunit\CalendarTest.php" line="33" class="CalendarTest" classname="CalendarTest" assertions="2" time="0.000176"/>
        <testcase name="testDateConversionInvalidDay" file="C:\Users\serge\OneDrive\Documents\Fractal\Projects\Component\Swisseph\php-swisseph\tests\phpunit\CalendarTest.php" line="46" class="CalendarTest" classname="CalendarTest" assertions="4" time="0.000123"/>
        <testcase name="testDateConversionInvalidTime" file="C:\Users\serge\OneDrive\Documents\Fractal\Projects\Component\Swisseph\php-swisseph\tests\phpunit\CalendarTest.php" line="67" class="CalendarTest" classname="CalendarTest" assertions="2" time="0.000104"/>
        <testcase name="testDateConversionInvalidCalendar" file="C:\Users\serge\OneDrive\Documents\Fractal\Projects\Component\Swisseph\php-swisseph\tests\phpunit\CalendarTest.php" line="80" class="CalendarTest" classname="CalendarTest" assertions="1" time="0.000115"/>
        <testcase name="testDayOfWeek" file="C:\Users\serge\OneDrive\Documents\Fractal\Projects\Component\Swisseph\php-swisseph\tests\phpunit\CalendarTest.php" line="89" class="CalendarTest" classname="CalendarTest" assertions="4" time="0.000118"/>
        <testcase name="testDayOfWeekCycle" file="C:\Users\serge\OneDrive\Documents\Fractal\Projects\Component\Swisseph\php-swisseph\tests\phpunit\CalendarTest.php" line="114" class="CalendarTest" classname="CalendarTest" assertions="14" time="0.000102"/>
      </testsuite>
      <testsuite name="CotransAndUtilsTest" file="C:\Users\serge\OneDrive\Documents\Fractal\Projects\Component\Swisseph\php-swisseph\tests\phpunit\CotransAndUtilsTest.php" tests="2" assertions="11" errors="0" failures="0" skipped="0" time="0.002417">
        <testcase name="testCotrans90Deg" file="C:\Users\serge\OneDrive\Documents\Fractal\Projects\Component\Swisseph\php-swisseph\tests\phpunit\CotransAndUtilsTest.php" line="7" class="CotransAndUtilsTest" classname="CotransAndUtilsTest" assertions="7" time="0.001975"/>
        <testcase name="testPlanetNameVersionClose" file="C:\Users\serge\OneDrive\Documents\Fractal\Projects\Component\Swisseph\php-swisseph\tests\phpunit\CotransAndUtilsTest.php" line="29" class="CotransAndUtilsTest" classname="CotransAndUtilsTest" assertions="4" time="0.000442"/>
      </testsuite>
      <testsuite name="DeltaTTest" file="C:\Users\serge\OneDrive\Documents\Fractal\Projects\Component\Swisseph\php-swisseph\tests\phpunit\DeltaTTest.php" tests="2" assertions="4" errors="0" failures="0" skipped="0" time="0.000663">
        <testcase name="testDeltaTModernEra" file="C:\Users\serge\OneDrive\Documents\Fractal\Projects\Component\Swisseph\php-swisseph\tests\phpunit\DeltaTTest.php" line="8" class="DeltaTTest" classname="DeltaTTest" assertions="2" time="0.000615"/>
        <testcase name="testDeltaT1900" file="C:\Users\serge\OneDrive\Documents\Fractal\Projects\Component\Swisseph\php-swisseph\tests\phpunit\DeltaTTest.php" line="16" class="DeltaTTest" classname="DeltaTTest" assertions="2" time="0.000048"/>
      </testsuite>
      <testsuite name="HousesAlcabitiusTest" file="C:\Users\serge\OneDrive\Documents\Fractal\Projects\Component\Swisseph\php-swisseph\tests\phpunit\HousesAlcabitiusTest.php" tests="2" assertions="7" errors="0" failures="0" skipped="0" time="0.006871">
        <testcase name="testCuspsAndOpposites" file="C:\Users\serge\OneDrive\Documents\Fractal\Projects\Component\Swisseph\php-swisseph\tests\phpunit\HousesAlcabitiusTest.php" line="10" class="HousesAlcabitiusTest" classname="HousesAlcabitiusTest" assertions="5" time="0.006537"/>
        <testcase name="testHousePosAlcabitius" file="C:\Users\serge\OneDrive\Documents\Fractal\Projects\Component\Swisseph\php-swisseph\tests\phpunit\HousesAlcabitiusTest.php" line="24" class="HousesAlcabitiusTest" classname="HousesAlcabitiusTest" assertions="2" time="0.000334"/>
      </testsuite>
      <testsuite name="HousesApcHousePosTest" file="C:\Users\serge\OneDrive\Documents\Fractal\Projects\Component\Swisseph\php-swisseph\tests\phpunit\HousesApcHousePosTest.php" tests="2" assertions="11" errors="0" failures="0" skipped="0" time="0.000494">
        <testcase name="testApcHousePosBasic" file="C:\Users\serge\OneDrive\Documents\Fractal\Projects\Component\Swisseph\php-swisseph\tests\phpunit\HousesApcHousePosTest.php" line="13" class="HousesApcHousePosTest" classname="HousesApcHousePosTest" assertions="5" time="0.000344"/>
        <testcase name="testApcAxisPositions" file="C:\Users\serge\OneDrive\Documents\Fractal\Projects\Component\Swisseph\php-swisseph\tests\phpunit\HousesApcHousePosTest.php" line="46" class="HousesApcHousePosTest" classname="HousesApcHousePosTest" assertions="6" time="0.000150"/>
      </testsuite>
      <testsuite name="HousesCampanusTest" file="C:\Users\serge\OneDrive\Documents\Fractal\Projects\Component\Swisseph\php-swisseph\tests\phpunit\HousesCampanusTest.php" tests="2" assertions="11" errors="0" failures="0" skipped="0" time="0.000147">
        <testcase name="testCuspsOppositesAndAscMc" file="C:\Users\serge\OneDrive\Documents\Fractal\Projects\Component\Swisseph\php-swisseph\tests\phpunit\HousesCampanusTest.php" line="10" class="HousesCampanusTest" classname="HousesCampanusTest" assertions="9" time="0.000069"/>
        <testcase name="testHousePosCampanus" file="C:\Users\serge\OneDrive\Documents\Fractal\Projects\Component\Swisseph\php-swisseph\tests\phpunit\HousesCampanusTest.php" line="29" class="HousesCampanusTest" classname="HousesCampanusTest" assertions="2" time="0.000078"/>
      </testsuite>
      <testsuite name="HousesEqualTest" file="C:\Users\serge\OneDrive\Documents\Fractal\Projects\Component\Swisseph\php-swisseph\tests\phpunit\HousesEqualTest.php" tests="1" assertions="20" errors="0" failures="0" skipped="0" time="0.000445">
        <testcase name="testEqualHousesAscAndCuspsShape" file="C:\Users\serge\OneDrive\Documents\Fractal\Projects\Component\Swisseph\php-swisseph\tests\phpunit\HousesEqualTest.php" line="9" class="HousesEqualTest" classname="HousesEqualTest" assertions="20" time="0.000445"/>
      </testsuite>
      <testsuite name="HousesKochTest" file="C:\Users\serge\OneDrive\Documents\Fractal\Projects\Component\Swisseph\php-swisseph\tests\phpunit\HousesKochTest.php" tests="3" assertions="15" errors="0" failures="0" skipped="0" time="0.000730">
        <testcase name="testCuspsAndAscmcConsistency" file="C:\Users\serge\OneDrive\Documents\Fractal\Projects\Component\Swisseph\php-swisseph\tests\phpunit\HousesKochTest.php" line="10" class="HousesKochTest" classname="HousesKochTest" assertions="11" time="0.000342"/>
        <testcase name="testHousePosition" file="C:\Users\serge\OneDrive\Documents\Fractal\Projects\Component\Swisseph\php-swisseph\tests\phpunit\HousesKochTest.php" line="37" class="HousesKochTest" classname="HousesKochTest" assertions="2" time="0.000137"/>
        <testcase name="testHighLatitudeGuard" file="C:\Users\serge\OneDrive\Documents\Fractal\Projects\Component\Swisseph\php-swisseph\tests\phpunit\HousesKochTest.php" line="54" class="HousesKochTest" classname="HousesKochTest" assertions="2" time="0.000251"/>
      </testsuite>
      <testsuite name="HousesPlacidusPolarGuardTest" file="C:\Users\serge\OneDrive\Documents\Fractal\Projects\Component\Swisseph\php-swisseph\tests\phpunit\HousesPlacidusPolarGuardTest.php" tests="1" assertions="2" errors="0" failures="0" skipped="0" time="0.000247">
        <testcase name="testPlacidusFailsAtHighLatitude" file="C:\Users\serge\OneDrive\Documents\Fractal\Projects\Component\Swisseph\php-swisseph\tests\phpunit\HousesPlacidusPolarGuardTest.php" line="9" class="HousesPlacidusPolarGuardTest" classname="HousesPlacidusPolarGuardTest" assertions="2" time="0.000247"/>
      </testsuite>
      <testsuite name="HousesPlacidusTest" file="C:\Users\serge\OneDrive\Documents\Fractal\Projects\Component\Swisseph\php-swisseph\tests\phpunit\HousesPlacidusTest.php" tests="1" assertions="15" errors="0" failures="0" skipped="0" time="0.001055">
        <testcase name="testPlacidusCuspsShapeAndOpposites" file="C:\Users\serge\OneDrive\Documents\Fractal\Projects\Component\Swisseph\php-swisseph\tests\phpunit\HousesPlacidusTest.php" line="9" class="HousesPlacidusTest" classname="HousesPlacidusTest" assertions="15" time="0.001055"/>
      </testsuite>
      <testsuite name="HousesPorphyryTest" file="C:\Users\serge\OneDrive\Documents\Fractal\Projects\Component\Swisseph\php-swisseph\tests\phpunit\HousesPorphyryTest.php" tests="2" assertions="33" errors="0" failures="0" skipped="0" time="0.000199">
        <testcase name="testCuspsMonotonicAndOpposites" file="C:\Users\serge\OneDrive\Documents\Fractal\Projects\Component\Swisseph\php-swisseph\tests\phpunit\HousesPorphyryTest.php" line="10" class="HousesPorphyryTest" classname="HousesPorphyryTest" assertions="31" time="0.000126"/>
        <testcase name="testHousePosPorphyry" file="C:\Users\serge\OneDrive\Documents\Fractal\Projects\Component\Swisseph\php-swisseph\tests\phpunit\HousesPorphyryTest.php" line="45" class="HousesPorphyryTest" classname="HousesPorphyryTest" assertions="2" time="0.000073"/>
      </testsuite>
      <testsuite name="HousesRegiomontanusTest" file="C:\Users\serge\OneDrive\Documents\Fractal\Projects\Component\Swisseph\php-swisseph\tests\phpunit\HousesRegiomontanusTest.php" tests="2" assertions="11" errors="0" failures="0" skipped="0" time="0.000136">
        <testcase name="testCuspsAndOpposites" file="C:\Users\serge\OneDrive\Documents\Fractal\Projects\Component\Swisseph\php-swisseph\tests\phpunit\HousesRegiomontanusTest.php" line="10" class="HousesRegiomontanusTest" classname="HousesRegiomontanusTest" assertions="9" time="0.000069"/>
        <testcase name="testHousePosR" file="C:\Users\serge\OneDrive\Documents\Fractal\Projects\Component\Swisseph\php-swisseph\tests\phpunit\HousesRegiomontanusTest.php" line="30" class="HousesRegiomontanusTest" classname="HousesRegiomontanusTest" assertions="2" time="0.000067"/>
      </testsuite>
      <testsuite name="HousesSavardATest" file="C:\Users\serge\OneDrive\Documents\Fractal\Projects\Component\Swisseph\php-swisseph\tests\phpunit\HousesSavardATest.php" tests="2" assertions="83" errors="0" failures="0" skipped="0" time="0.000327">
        <testcase name="testSavardACuspsBasicConsistency" file="C:\Users\serge\OneDrive\Documents\Fractal\Projects\Component\Swisseph\php-swisseph\tests\phpunit\HousesSavardATest.php" line="14" class="HousesSavardATest" classname="HousesSavardATest" assertions="66" time="0.000141"/>
        <testcase name="testSavardAHousePosExactCuspsAndAxes" file="C:\Users\serge\OneDrive\Documents\Fractal\Projects\Component\Swisseph\php-swisseph\tests\phpunit\HousesSavardATest.php" line="57" class="HousesSavardATest" classname="HousesSavardATest" assertions="17" time="0.000186"/>
      </testsuite>
      <testsuite name="HousesWholeSignTest" file="C:\Users\serge\OneDrive\Documents\Fractal\Projects\Component\Swisseph\php-swisseph\tests\phpunit\HousesWholeSignTest.php" tests="2" assertions="15" errors="0" failures="0" skipped="0" time="0.000113">
        <testcase name="testCuspsEvery30FromSignStart" file="C:\Users\serge\OneDrive\Documents\Fractal\Projects\Component\Swisseph\php-swisseph\tests\phpunit\HousesWholeSignTest.php" line="10" class="HousesWholeSignTest" classname="HousesWholeSignTest" assertions="13" time="0.000059"/>
        <testcase name="testHousePosWholeSign" file="C:\Users\serge\OneDrive\Documents\Fractal\Projects\Component\Swisseph\php-swisseph\tests\phpunit\HousesWholeSignTest.php" line="26" class="HousesWholeSignTest" classname="HousesWholeSignTest" assertions="2" time="0.000054"/>
      </testsuite>
      <testsuite name="MathTest" file="C:\Users\serge\OneDrive\Documents\Fractal\Projects\Component\Swisseph\php-swisseph\tests\phpunit\MathTest.php" tests="3" assertions="9" errors="0" failures="0" skipped="0" time="0.000100">
        <testcase name="testDegRadRoundTrip" file="C:\Users\serge\OneDrive\Documents\Fractal\Projects\Component\Swisseph\php-swisseph\tests\phpunit\MathTest.php" line="8" class="MathTest" classname="MathTest" assertions="4" time="0.000039"/>
        <testcase name="testNormAngleDeg" file="C:\Users\serge\OneDrive\Documents\Fractal\Projects\Component\Swisseph\php-swisseph\tests\phpunit\MathTest.php" line="18" class="MathTest" classname="MathTest" assertions="3" time="0.000031"/>
        <testcase name="testNormAngleRad" file="C:\Users\serge\OneDrive\Documents\Fractal\Projects\Component\Swisseph\php-swisseph\tests\phpunit\MathTest.php" line="25" class="MathTest" classname="MathTest" assertions="2" time="0.000030"/>
      </testsuite>
      <testsuite name="MathUtilsTest" file="C:\Users\serge\OneDrive\Documents\Fractal\Projects\Component\Swisseph\php-swisseph\tests\phpunit\MathUtilsTest.php" tests="9" assertions="58" errors="0" failures="0" skipped="0" time="0.000315">
        <testcase name="testDegnorm" file="C:\Users\serge\OneDrive\Documents\Fractal\Projects\Component\Swisseph\php-swisseph\tests\phpunit\MathUtilsTest.php" line="10" class="MathUtilsTest" classname="MathUtilsTest" assertions="8" time="0.000037"/>
        <testcase name="testRadnorm" file="C:\Users\serge\OneDrive\Documents\Fractal\Projects\Component\Swisseph\php-swisseph\tests\phpunit\MathUtilsTest.php" line="22" class="MathUtilsTest" classname="MathUtilsTest" assertions="6" time="0.000031"/>
        <testcase name="testDegMidpoint" file="C:\Users\serge\OneDrive\Documents\Fractal\Projects\Component\Swisseph\php-swisseph\tests\phpunit\MathUtilsTest.php" line="32" class="MathUtilsTest" classname="MathUtilsTest" assertions="5" time="0.000035"/>
        <testcase name="testRadMidpoint" file="C:\Users\serge\OneDrive\Documents\Fractal\Projects\Component\Swisseph\php-swisseph\tests\phpunit\MathUtilsTest.php" line="46" class="MathUtilsTest" classname="MathUtilsTest" assertions="4" time="0.000034"/>
        <testcase name="testSplitDegSimple" file="C:\Users\serge\OneDrive\Documents\Fractal\Projects\Component\Swisseph\php-swisseph\tests\phpunit\MathUtilsTest.php" line="59" class="MathUtilsTest" classname="MathUtilsTest" assertions="15" time="0.000048"/>
        <testcase name="testSplitDegRoundSec" file="C:\Users\serge\OneDrive\Documents\Fractal\Projects\Component\Swisseph\php-swisseph\tests\phpunit\MathUtilsTest.php" line="92" class="MathUtilsTest" classname="MathUtilsTest" assertions="5" time="0.000033"/>
        <testcase name="testSplitDegRoundMin" file="C:\Users\serge\OneDrive\Documents\Fractal\Projects\Component\Swisseph\php-swisseph\tests\phpunit\MathUtilsTest.php" line="105" class="MathUtilsTest" classname="MathUtilsTest" assertions="5" time="0.000032"/>
        <testcase name="testSplitDegRoundDeg" file="C:\Users\serge\OneDrive\Documents\Fractal\Projects\Component\Swisseph\php-swisseph\tests\phpunit\MathUtilsTest.php" line="118" class="MathUtilsTest" classname="MathUtilsTest" assertions="5" time="0.000031"/>
        <testcase name="testSplitDegZodiacal" file="C:\Users\serge\OneDrive\Documents\Fractal\Projects\Component\Swisseph\php-swisseph\tests\phpunit\MathUtilsTest.php" line="131" class="MathUtilsTest" classname="MathUtilsTest" assertions="5" time="0.000031"/>
      </testsuite>
      <testsuite name="MercuryVsopParityTest" file="C:\Users\serge\OneDrive\Documents\Fractal\Projects\Component\Swisseph\php-swisseph\tests\phpunit\MercuryVsopParityTest.php" tests="12" assertions="144" errors="0" failures="0" skipped="0" time="0.042844">
        <testsuite name="MercuryVsopParityTest::testParity" tests="12" assertions="144" errors="0" failures="0" skipped="0" time="0.042844">
          <testcase name="testParity with data set #0" file="C:\Users\serge\OneDrive\Documents\Fractal\Projects\Component\Swisseph\php-swisseph\tests\phpunit\MercuryVsopParityTest.php" line="38" class="MercuryVsopParityTest" classname="MercuryVsopParityTest" assertions="12" time="0.022291"/>
          <testcase name="testParity with data set #1" file="C:\Users\serge\OneDrive\Documents\Fractal\Projects\Component\Swisseph\php-swisseph\tests\phpunit\MercuryVsopParityTest.php" line="38" class="MercuryVsopParityTest" classname="MercuryVsopParityTest" assertions="12" time="0.001834"/>
          <testcase name="testParity with data set #2" file="C:\Users\serge\OneDrive\Documents\Fractal\Projects\Component\Swisseph\php-swisseph\tests\phpunit\MercuryVsopParityTest.php" line="38" class="MercuryVsopParityTest" classname="MercuryVsopParityTest" assertions="12" time="0.001720"/>
          <testcase name="testParity with data set #3" file="C:\Users\serge\OneDrive\Documents\Fractal\Projects\Component\Swisseph\php-swisseph\tests\phpunit\MercuryVsopParityTest.php" line="38" class="MercuryVsopParityTest" classname="MercuryVsopParityTest" assertions="12" time="0.001777"/>
          <testcase name="testParity with data set #4" file="C:\Users\serge\OneDrive\Documents\Fractal\Projects\Component\Swisseph\php-swisseph\tests\phpunit\MercuryVsopParityTest.php" line="38" class="MercuryVsopParityTest" classname="MercuryVsopParityTest" assertions="12" time="0.001987"/>
          <testcase name="testParity with data set #5" file="C:\Users\serge\OneDrive\Documents\Fractal\Projects\Component\Swisseph\php-swisseph\tests\phpunit\MercuryVsopParityTest.php" line="38" class="MercuryVsopParityTest" classname="MercuryVsopParityTest" assertions="12" time="0.001803"/>
          <testcase name="testParity with data set #6" file="C:\Users\serge\OneDrive\Documents\Fractal\Projects\Component\Swisseph\php-swisseph\tests\phpunit\MercuryVsopParityTest.php" line="38" class="MercuryVsopParityTest" classname="MercuryVsopParityTest" assertions="12" time="0.002040"/>
          <testcase name="testParity with data set #7" file="C:\Users\serge\OneDrive\Documents\Fractal\Projects\Component\Swisseph\php-swisseph\tests\phpunit\MercuryVsopParityTest.php" line="38" class="MercuryVsopParityTest" classname="MercuryVsopParityTest" assertions="12" time="0.001942"/>
          <testcase name="testParity with data set #8" file="C:\Users\serge\OneDrive\Documents\Fractal\Projects\Component\Swisseph\php-swisseph\tests\phpunit\MercuryVsopParityTest.php" line="38" class="MercuryVsopParityTest" classname="MercuryVsopParityTest" assertions="12" time="0.001979"/>
          <testcase name="testParity with data set #9" file="C:\Users\serge\OneDrive\Documents\Fractal\Projects\Component\Swisseph\php-swisseph\tests\phpunit\MercuryVsopParityTest.php" line="38" class="MercuryVsopParityTest" classname="MercuryVsopParityTest" assertions="12" time="0.001887"/>
          <testcase name="testParity with data set #10" file="C:\Users\serge\OneDrive\Documents\Fractal\Projects\Component\Swisseph\php-swisseph\tests\phpunit\MercuryVsopParityTest.php" line="38" class="MercuryVsopParityTest" classname="MercuryVsopParityTest" assertions="12" time="0.001757"/>
          <testcase name="testParity with data set #11" file="C:\Users\serge\OneDrive\Documents\Fractal\Projects\Component\Swisseph\php-swisseph\tests\phpunit\MercuryVsopParityTest.php" line="38" class="MercuryVsopParityTest" classname="MercuryVsopParityTest" assertions="12" time="0.001827"/>
        </testsuite>
      </testsuite>
      <testsuite name="MercuryVsopStrategyParityTest" file="C:\Users\serge\OneDrive\Documents\Fractal\Projects\Component\Swisseph\php-swisseph\tests\phpunit\MercuryVsopStrategyParityTest.php" tests="15" assertions="150" errors="0" failures="0" skipped="0" time="0.028364">
        <testsuite name="MercuryVsopStrategyParityTest::testParity" tests="15" assertions="150" errors="0" failures="0" skipped="0" time="0.028364">
          <testcase name="testParity with data set #0" file="C:\Users\serge\OneDrive\Documents\Fractal\Projects\Component\Swisseph\php-swisseph\tests\phpunit\MercuryVsopStrategyParityTest.php" line="13" class="MercuryVsopStrategyParityTest" classname="MercuryVsopStrategyParityTest" assertions="10" time="0.002711"/>
          <testcase name="testParity with data set #1" file="C:\Users\serge\OneDrive\Documents\Fractal\Projects\Component\Swisseph\php-swisseph\tests\phpunit\MercuryVsopStrategyParityTest.php" line="13" class="MercuryVsopStrategyParityTest" classname="MercuryVsopStrategyParityTest" assertions="10" time="0.001944"/>
          <testcase name="testParity with data set #2" file="C:\Users\serge\OneDrive\Documents\Fractal\Projects\Component\Swisseph\php-swisseph\tests\phpunit\MercuryVsopStrategyParityTest.php" line="13" class="MercuryVsopStrategyParityTest" classname="MercuryVsopStrategyParityTest" assertions="10" time="0.002026"/>
          <testcase name="testParity with data set #3" file="C:\Users\serge\OneDrive\Documents\Fractal\Projects\Component\Swisseph\php-swisseph\tests\phpunit\MercuryVsopStrategyParityTest.php" line="13" class="MercuryVsopStrategyParityTest" classname="MercuryVsopStrategyParityTest" assertions="10" time="0.001776"/>
          <testcase name="testParity with data set #4" file="C:\Users\serge\OneDrive\Documents\Fractal\Projects\Component\Swisseph\php-swisseph\tests\phpunit\MercuryVsopStrategyParityTest.php" line="13" class="MercuryVsopStrategyParityTest" classname="MercuryVsopStrategyParityTest" assertions="10" time="0.001788"/>
          <testcase name="testParity with data set #5" file="C:\Users\serge\OneDrive\Documents\Fractal\Projects\Component\Swisseph\php-swisseph\tests\phpunit\MercuryVsopStrategyParityTest.php" line="13" class="MercuryVsopStrategyParityTest" classname="MercuryVsopStrategyParityTest" assertions="10" time="0.002083"/>
          <testcase name="testParity with data set #6" file="C:\Users\serge\OneDrive\Documents\Fractal\Projects\Component\Swisseph\php-swisseph\tests\phpunit\MercuryVsopStrategyParityTest.php" line="13" class="MercuryVsopStrategyParityTest" classname="MercuryVsopStrategyParityTest" assertions="10" time="0.001786"/>
          <testcase name="testParity with data set #7" file="C:\Users\serge\OneDrive\Documents\Fractal\Projects\Component\Swisseph\php-swisseph\tests\phpunit\MercuryVsopStrategyParityTest.php" line="13" class="MercuryVsopStrategyParityTest" classname="MercuryVsopStrategyParityTest" assertions="10" time="0.001707"/>
          <testcase name="testParity with data set #8" file="C:\Users\serge\OneDrive\Documents\Fractal\Projects\Component\Swisseph\php-swisseph\tests\phpunit\MercuryVsopStrategyParityTest.php" line="13" class="MercuryVsopStrategyParityTest" classname="MercuryVsopStrategyParityTest" assertions="10" time="0.001774"/>
          <testcase name="testParity with data set #9" file="C:\Users\serge\OneDrive\Documents\Fractal\Projects\Component\Swisseph\php-swisseph\tests\phpunit\MercuryVsopStrategyParityTest.php" line="13" class="MercuryVsopStrategyParityTest" classname="MercuryVsopStrategyParityTest" assertions="10" time="0.001778"/>
          <testcase name="testParity with data set #10" file="C:\Users\serge\OneDrive\Documents\Fractal\Projects\Component\Swisseph\php-swisseph\tests\phpunit\MercuryVsopStrategyParityTest.php" line="13" class="MercuryVsopStrategyParityTest" classname="MercuryVsopStrategyParityTest" assertions="10" time="0.001961"/>
          <testcase name="testParity with data set #11" file="C:\Users\serge\OneDrive\Documents\Fractal\Projects\Component\Swisseph\php-swisseph\tests\phpunit\MercuryVsopStrategyParityTest.php" line="13" class="MercuryVsopStrategyParityTest" classname="MercuryVsopStrategyParityTest" assertions="10" time="0.001752"/>
          <testcase name="testParity with data set #12" file="C:\Users\serge\OneDrive\Documents\Fractal\Projects\Component\Swisseph\php-swisseph\tests\phpunit\MercuryVsopStrategyParityTest.php" line="13" class="MercuryVsopStrategyParityTest" classname="MercuryVsopStrategyParityTest" assertions="10" time="0.001710"/>
          <testcase name="testParity with data set #13" file="C:\Users\serge\OneDrive\Documents\Fractal\Projects\Component\Swisseph\php-swisseph\tests\phpunit\MercuryVsopStrategyParityTest.php" line="13" class="MercuryVsopStrategyParityTest" classname="MercuryVsopStrategyParityTest" assertions="10" time="0.001764"/>
          <testcase name="testParity with data set #14" file="C:\Users\serge\OneDrive\Documents\Fractal\Projects\Component\Swisseph\php-swisseph\tests\phpunit\MercuryVsopStrategyParityTest.php" line="13" class="MercuryVsopStrategyParityTest" classname="MercuryVsopStrategyParityTest" assertions="10" time="0.001803"/>
        </testsuite>
      </testsuite>
      <testsuite name="ObliquityTest" file="C:\Users\serge\OneDrive\Documents\Fractal\Projects\Component\Swisseph\php-swisseph\tests\phpunit\ObliquityTest.php" tests="1" assertions="1" errors="0" failures="0" skipped="0" time="0.000050">
        <testcase name="testJ2000MeanObliquity" file="C:\Users\serge\OneDrive\Documents\Fractal\Projects\Component\Swisseph\php-swisseph\tests\phpunit\ObliquityTest.php" line="9" class="ObliquityTest" classname="ObliquityTest" assertions="1" time="0.000050"/>
      </testsuite>
      <testsuite name="Swisseph\Tests\PhenoTest" file="C:\Users\serge\OneDrive\Documents\Fractal\Projects\Component\Swisseph\php-swisseph\tests\phpunit\PhenoTest.php" tests="7" assertions="85" errors="0" failures="0" skipped="0" time="0.024650">
        <testcase name="testMoonPhases" file="C:\Users\serge\OneDrive\Documents\Fractal\Projects\Component\Swisseph\php-swisseph\tests\phpunit\PhenoTest.php" line="22" class="Swisseph\Tests\PhenoTest" classname="Swisseph.Tests.PhenoTest" assertions="13" time="0.009293"/>
        <testcase name="testVenusPheno" file="C:\Users\serge\OneDrive\Documents\Fractal\Projects\Component\Swisseph\php-swisseph\tests\phpunit\PhenoTest.php" line="67" class="Swisseph\Tests\PhenoTest" classname="Swisseph.Tests.PhenoTest" assertions="16" time="0.002329"/>
        <testcase name="testMarsPhenomena" file="C:\Users\serge\OneDrive\Documents\Fractal\Projects\Component\Swisseph\php-swisseph\tests\phpunit\PhenoTest.php" line="100" class="Swisseph\Tests\PhenoTest" classname="Swisseph.Tests.PhenoTest" assertions="13" time="0.002289"/>
        <testcase name="testJupiterPheno" file="C:\Users\serge\OneDrive\Documents\Fractal\Projects\Component\Swisseph\php-swisseph\tests\phpunit\PhenoTest.php" line="126" class="Swisseph\Tests\PhenoTest" classname="Swisseph.Tests.PhenoTest" assertions="6" time="0.002570"/>
        <testcase name="testSunPheno" file="C:\Users\serge\OneDrive\Documents\Fractal\Projects\Component\Swisseph\php-swisseph\tests\phpunit\PhenoTest.php" line="149" class="Swisseph\Tests\PhenoTest" classname="Swisseph.Tests.PhenoTest" assertions="9" time="0.000115"/>
        <testcase name="testPhenoUtConsistency" file="C:\Users\serge\OneDrive\Documents\Fractal\Projects\Component\Swisseph\php-swisseph\tests\phpunit\PhenoTest.php" line="174" class="Swisseph\Tests\PhenoTest" classname="Swisseph.Tests.PhenoTest" assertions="8" time="0.005954"/>
        <testcase name="testAttrArrayStructure" file="C:\Users\serge\OneDrive\Documents\Fractal\Projects\Component\Swisseph\php-swisseph\tests\phpunit\PhenoTest.php" line="206" class="Swisseph\Tests\PhenoTest" classname="Swisseph.Tests.PhenoTest" assertions="20" time="0.002101"/>
      </testsuite>
      <testsuite name="RiseSetMoonTest" file="C:\Users\serge\OneDrive\Documents\Fractal\Projects\Component\Swisseph\php-swisseph\tests\phpunit\RiseSetMoonTest.php" tests="1" assertions="3" errors="0" failures="0" skipped="0" time="0.021697">
        <testcase name="testMoonRiseSetMidLat" file="C:\Users\serge\OneDrive\Documents\Fractal\Projects\Component\Swisseph\php-swisseph\tests\phpunit\RiseSetMoonTest.php" line="7" class="RiseSetMoonTest" classname="RiseSetMoonTest" assertions="3" time="0.021697"/>
      </testsuite>
      <testsuite name="RiseSetPolarTrueHorTest" file="C:\Users\serge\OneDrive\Documents\Fractal\Projects\Component\Swisseph\php-swisseph\tests\phpunit\RiseSetPolarTrueHorTest.php" tests="2" assertions="7" errors="0" failures="0" skipped="0" time="0.101634">
        <testcase name="testPolarDayNotFound" file="C:\Users\serge\OneDrive\Documents\Fractal\Projects\Component\Swisseph\php-swisseph\tests\phpunit\RiseSetPolarTrueHorTest.php" line="7" class="RiseSetPolarTrueHorTest" classname="RiseSetPolarTrueHorTest" assertions="3" time="0.039518"/>
        <testcase name="testTrueHorizonUsesZeroAltitudeByDefault" file="C:\Users\serge\OneDrive\Documents\Fractal\Projects\Component\Swisseph\php-swisseph\tests\phpunit\RiseSetPolarTrueHorTest.php" line="21" class="RiseSetPolarTrueHorTest" classname="RiseSetPolarTrueHorTest" assertions="4" time="0.062115"/>
      </testsuite>
      <testsuite name="RiseSetScaffoldTest" file="C:\Users\serge\OneDrive\Documents\Fractal\Projects\Component\Swisseph\php-swisseph\tests\phpunit\RiseSetScaffoldTest.php" tests="5" assertions="31" errors="0" failures="0" skipped="0" time="0.207218">
        <testcase name="testScaffoldExists" file="C:\Users\serge\OneDrive\Documents\Fractal\Projects\Component\Swisseph\php-swisseph\tests\phpunit\RiseSetScaffoldTest.php" line="7" class="RiseSetScaffoldTest" classname="RiseSetScaffoldTest" assertions="2" time="0.000065"/>
        <testcase name="testSunRiseSetTransitBasic" file="C:\Users\serge\OneDrive\Documents\Fractal\Projects\Component\Swisseph\php-swisseph\tests\phpunit\RiseSetScaffoldTest.php" line="13" class="RiseSetScaffoldTest" classname="RiseSetScaffoldTest" assertions="12" time="0.007930"/>
        <testcase name="testMoonRiseSetBasic" file="C:\Users\serge\OneDrive\Documents\Fractal\Projects\Component\Swisseph\php-swisseph\tests\phpunit\RiseSetScaffoldTest.php" line="42" class="RiseSetScaffoldTest" classname="RiseSetScaffoldTest" assertions="8" time="0.020995"/>
        <testcase name="testMoonRiseDiffersApparentVsTrueHor" file="C:\Users\serge\OneDrive\Documents\Fractal\Projects\Component\Swisseph\php-swisseph\tests\phpunit\RiseSetScaffoldTest.php" line="62" class="RiseSetScaffoldTest" classname="RiseSetScaffoldTest" assertions="3" time="0.157919"/>
        <testcase name="testMoonLowerTransitInDay" file="C:\Users\serge\OneDrive\Documents\Fractal\Projects\Component\Swisseph\php-swisseph\tests\phpunit\RiseSetScaffoldTest.php" line="80" class="RiseSetScaffoldTest" classname="RiseSetScaffoldTest" assertions="6" time="0.020309"/>
      </testsuite>
      <testsuite name="RiseSetSunTest" file="C:\Users\serge\OneDrive\Documents\Fractal\Projects\Component\Swisseph\php-swisseph\tests\phpunit\RiseSetSunTest.php" tests="2" assertions="15" errors="0" failures="0" skipped="0" time="0.062041">
        <testcase name="testSunRiseSetTransitEquinoxEquator" file="C:\Users\serge\OneDrive\Documents\Fractal\Projects\Component\Swisseph\php-swisseph\tests\phpunit\RiseSetSunTest.php" line="7" class="RiseSetSunTest" classname="RiseSetSunTest" assertions="13" time="0.007489"/>
        <testcase name="testSunNoRiseInPolarDay" file="C:\Users\serge\OneDrive\Documents\Fractal\Projects\Component\Swisseph\php-swisseph\tests\phpunit\RiseSetSunTest.php" line="37" class="RiseSetSunTest" classname="RiseSetSunTest" assertions="2" time="0.054552"/>
      </testsuite>
      <testsuite name="SiderealTest" file="C:\Users\serge\OneDrive\Documents\Fractal\Projects\Component\Swisseph\php-swisseph\tests\phpunit\SiderealTest.php" tests="1" assertions="1" errors="0" failures="0" skipped="0" time="0.000077">
        <testcase name="testGmstJ2000Noon" file="C:\Users\serge\OneDrive\Documents\Fractal\Projects\Component\Swisseph\php-swisseph\tests\phpunit\SiderealTest.php" line="8" class="SiderealTest" classname="SiderealTest" assertions="1" time="0.000077"/>
      </testsuite>
      <testsuite name="SweCalcFlagsShapeTest" file="C:\Users\serge\OneDrive\Documents\Fractal\Projects\Component\Swisseph\php-swisseph\tests\phpunit\SweCalcFlagsShapeTest.php" tests="3" assertions="6" errors="0" failures="0" skipped="0" time="0.000200">
        <testcase name="testDefaultShape" file="C:\Users\serge\OneDrive\Documents\Fractal\Projects\Component\Swisseph\php-swisseph\tests\phpunit\SweCalcFlagsShapeTest.php" line="8" class="SweCalcFlagsShapeTest" classname="SweCalcFlagsShapeTest" assertions="2" time="0.000052"/>
        <testcase name="testEquatorialShape" file="C:\Users\serge\OneDrive\Documents\Fractal\Projects\Component\Swisseph\php-swisseph\tests\phpunit\SweCalcFlagsShapeTest.php" line="18" class="SweCalcFlagsShapeTest" classname="SweCalcFlagsShapeTest" assertions="2" time="0.000041"/>
        <testcase name="testXyzShape" file="C:\Users\serge\OneDrive\Documents\Fractal\Projects\Component\Swisseph\php-swisseph\tests\phpunit\SweCalcFlagsShapeTest.php" line="27" class="SweCalcFlagsShapeTest" classname="SweCalcFlagsShapeTest" assertions="2" time="0.000107"/>
      </testsuite>
      <testsuite name="SweCalcFlagsValidationTest" file="C:\Users\serge\OneDrive\Documents\Fractal\Projects\Component\Swisseph\php-swisseph\tests\phpunit\SweCalcFlagsValidationTest.php" tests="2" assertions="7" errors="0" failures="0" skipped="0" time="0.001602">
        <testcase name="testConflictingSources" file="C:\Users\serge\OneDrive\Documents\Fractal\Projects\Component\Swisseph\php-swisseph\tests\phpunit\SweCalcFlagsValidationTest.php" line="8" class="SweCalcFlagsValidationTest" classname="SweCalcFlagsValidationTest" assertions="3" time="0.000068"/>
        <testcase name="testEquatorialAndXyzValid" file="C:\Users\serge\OneDrive\Documents\Fractal\Projects\Component\Swisseph\php-swisseph\tests\phpunit\SweCalcFlagsValidationTest.php" line="19" class="SweCalcFlagsValidationTest" classname="SweCalcFlagsValidationTest" assertions="4" time="0.001534"/>
      </testsuite>
      <testsuite name="SweCalcInterfaceTest" file="C:\Users\serge\OneDrive\Documents\Fractal\Projects\Component\Swisseph\php-swisseph\tests\phpunit\SweCalcInterfaceTest.php" tests="2" assertions="8" errors="0" failures="0" skipped="0" time="0.000125">
        <testcase name="testSweCalcInterfaceShape" file="C:\Users\serge\OneDrive\Documents\Fractal\Projects\Component\Swisseph\php-swisseph\tests\phpunit\SweCalcInterfaceTest.php" line="8" class="SweCalcInterfaceTest" classname="SweCalcInterfaceTest" assertions="4" time="0.000077"/>
        <testcase name="testSweCalcUtInterfaceShape" file="C:\Users\serge\OneDrive\Documents\Fractal\Projects\Component\Swisseph\php-swisseph\tests\phpunit\SweCalcInterfaceTest.php" line="20" class="SweCalcInterfaceTest" classname="SweCalcInterfaceTest" assertions="4" time="0.000049"/>
      </testsuite>
      <testsuite name="SweCalcJupiterTest" file="C:\Users\serge\OneDrive\Documents\Fractal\Projects\Component\Swisseph\php-swisseph\tests\phpunit\SweCalcJupiterTest.php" tests="3" assertions="29" errors="0" failures="0" skipped="0" time="0.000282">
        <testcase name="testJupiterDefaultSuccess" file="C:\Users\serge\OneDrive\Documents\Fractal\Projects\Component\Swisseph\php-swisseph\tests\phpunit\SweCalcJupiterTest.php" line="8" class="SweCalcJupiterTest" classname="SweCalcJupiterTest" assertions="11" time="0.000115"/>
        <testcase name="testJupiterEquatorialRadians" file="C:\Users\serge\OneDrive\Documents\Fractal\Projects\Component\Swisseph\php-swisseph\tests\phpunit\SweCalcJupiterTest.php" line="24" class="SweCalcJupiterTest" classname="SweCalcJupiterTest" assertions="11" time="0.000083"/>
        <testcase name="testJupiterSpeed" file="C:\Users\serge\OneDrive\Documents\Fractal\Projects\Component\Swisseph\php-swisseph\tests\phpunit\SweCalcJupiterTest.php" line="41" class="SweCalcJupiterTest" classname="SweCalcJupiterTest" assertions="7" time="0.000083"/>
      </testsuite>
      <testsuite name="SweCalcMarsTest" file="C:\Users\serge\OneDrive\Documents\Fractal\Projects\Component\Swisseph\php-swisseph\tests\phpunit\SweCalcMarsTest.php" tests="3" assertions="29" errors="0" failures="0" skipped="0" time="0.000231">
        <testcase name="testMarsDefaultSuccess" file="C:\Users\serge\OneDrive\Documents\Fractal\Projects\Component\Swisseph\php-swisseph\tests\phpunit\SweCalcMarsTest.php" line="8" class="SweCalcMarsTest" classname="SweCalcMarsTest" assertions="11" time="0.000077"/>
        <testcase name="testMarsEquatorialRadians" file="C:\Users\serge\OneDrive\Documents\Fractal\Projects\Component\Swisseph\php-swisseph\tests\phpunit\SweCalcMarsTest.php" line="24" class="SweCalcMarsTest" classname="SweCalcMarsTest" assertions="11" time="0.000076"/>
        <testcase name="testMarsSpeed" file="C:\Users\serge\OneDrive\Documents\Fractal\Projects\Component\Swisseph\php-swisseph\tests\phpunit\SweCalcMarsTest.php" line="41" class="SweCalcMarsTest" classname="SweCalcMarsTest" assertions="7" time="0.000077"/>
      </testsuite>
      <testsuite name="SweCalcMoonTest" file="C:\Users\serge\OneDrive\Documents\Fractal\Projects\Component\Swisseph\php-swisseph\tests\phpunit\SweCalcMoonTest.php" tests="3" assertions="28" errors="0" failures="0" skipped="0" time="0.000364">
        <testcase name="testMoonDefaultSuccess" file="C:\Users\serge\OneDrive\Documents\Fractal\Projects\Component\Swisseph\php-swisseph\tests\phpunit\SweCalcMoonTest.php" line="8" class="SweCalcMoonTest" classname="SweCalcMoonTest" assertions="11" time="0.000142"/>
        <testcase name="testMoonEquatorialRadians" file="C:\Users\serge\OneDrive\Documents\Fractal\Projects\Component\Swisseph\php-swisseph\tests\phpunit\SweCalcMoonTest.php" line="24" class="SweCalcMoonTest" classname="SweCalcMoonTest" assertions="11" time="0.000105"/>
        <testcase name="testMoonSpeed" file="C:\Users\serge\OneDrive\Documents\Fractal\Projects\Component\Swisseph\php-swisseph\tests\phpunit\SweCalcMoonTest.php" line="41" class="SweCalcMoonTest" classname="SweCalcMoonTest" assertions="6" time="0.000118"/>
      </testsuite>
      <testsuite name="SweCalcNeptuneTest" file="C:\Users\serge\OneDrive\Documents\Fractal\Projects\Component\Swisseph\php-swisseph\tests\phpunit\SweCalcNeptuneTest.php" tests="1" assertions="4" errors="0" failures="0" skipped="0" time="0.000158">
        <testcase name="testNeptuneEclipticDistanceInRange" file="C:\Users\serge\OneDrive\Documents\Fractal\Projects\Component\Swisseph\php-swisseph\tests\phpunit\SweCalcNeptuneTest.php" line="6" class="SweCalcNeptuneTest" classname="SweCalcNeptuneTest" assertions="4" time="0.000158"/>
      </testsuite>
      <testsuite name="SweCalcPlutoTest" file="C:\Users\serge\OneDrive\Documents\Fractal\Projects\Component\Swisseph\php-swisseph\tests\phpunit\SweCalcPlutoTest.php" tests="1" assertions="4" errors="0" failures="0" skipped="0" time="0.000136">
        <testcase name="testPlutoDistanceRange" file="C:\Users\serge\OneDrive\Documents\Fractal\Projects\Component\Swisseph\php-swisseph\tests\phpunit\SweCalcPlutoTest.php" line="6" class="SweCalcPlutoTest" classname="SweCalcPlutoTest" assertions="4" time="0.000136"/>
      </testsuite>
      <testsuite name="SweCalcSaturnTest" file="C:\Users\serge\OneDrive\Documents\Fractal\Projects\Component\Swisseph\php-swisseph\tests\phpunit\SweCalcSaturnTest.php" tests="3" assertions="29" errors="0" failures="0" skipped="0" time="0.000797">
        <testcase name="testSaturnDefaultSuccess" file="C:\Users\serge\OneDrive\Documents\Fractal\Projects\Component\Swisseph\php-swisseph\tests\phpunit\SweCalcSaturnTest.php" line="17" class="SweCalcSaturnTest" classname="SweCalcSaturnTest" assertions="11" time="0.000586"/>
        <testcase name="testSaturnEquatorialRadians" file="C:\Users\serge\OneDrive\Documents\Fractal\Projects\Component\Swisseph\php-swisseph\tests\phpunit\SweCalcSaturnTest.php" line="33" class="SweCalcSaturnTest" classname="SweCalcSaturnTest" assertions="11" time="0.000113"/>
        <testcase name="testSaturnSpeed" file="C:\Users\serge\OneDrive\Documents\Fractal\Projects\Component\Swisseph\php-swisseph\tests\phpunit\SweCalcSaturnTest.php" line="51" class="SweCalcSaturnTest" classname="SweCalcSaturnTest" assertions="7" time="0.000098"/>
      </testsuite>
      <testsuite name="SweCalcSunTest" file="C:\Users\serge\OneDrive\Documents\Fractal\Projects\Component\Swisseph\php-swisseph\tests\phpunit\SweCalcSunTest.php" tests="2" assertions="21" errors="0" failures="0" skipped="0" time="0.000153">
        <testcase name="testSunAtJ2000" file="C:\Users\serge\OneDrive\Documents\Fractal\Projects\Component\Swisseph\php-swisseph\tests\phpunit\SweCalcSunTest.php" line="8" class="SweCalcSunTest" classname="SweCalcSunTest" assertions="10" time="0.000073"/>
        <testcase name="testSunRadiansEquatorial" file="C:\Users\serge\OneDrive\Documents\Fractal\Projects\Component\Swisseph\php-swisseph\tests\phpunit\SweCalcSunTest.php" line="27" class="SweCalcSunTest" classname="SweCalcSunTest" assertions="11" time="0.000080"/>
      </testsuite>
      <testsuite name="SweCalcUranusTest" file="C:\Users\serge\OneDrive\Documents\Fractal\Projects\Component\Swisseph\php-swisseph\tests\phpunit\SweCalcUranusTest.php" tests="3" assertions="29" errors="0" failures="0" skipped="0" time="0.000289">
        <testcase name="testUranusDefaultSuccess" file="C:\Users\serge\OneDrive\Documents\Fractal\Projects\Component\Swisseph\php-swisseph\tests\phpunit\SweCalcUranusTest.php" line="8" class="SweCalcUranusTest" classname="SweCalcUranusTest" assertions="11" time="0.000125"/>
        <testcase name="testUranusEquatorialRadians" file="C:\Users\serge\OneDrive\Documents\Fractal\Projects\Component\Swisseph\php-swisseph\tests\phpunit\SweCalcUranusTest.php" line="23" class="SweCalcUranusTest" classname="SweCalcUranusTest" assertions="11" time="0.000076"/>
        <testcase name="testUranusSpeed" file="C:\Users\serge\OneDrive\Documents\Fractal\Projects\Component\Swisseph\php-swisseph\tests\phpunit\SweCalcUranusTest.php" line="40" class="SweCalcUranusTest" classname="SweCalcUranusTest" assertions="7" time="0.000089"/>
      </testsuite>
      <testsuite name="SweCalcValidationTest" file="C:\Users\serge\OneDrive\Documents\Fractal\Projects\Component\Swisseph\php-swisseph\tests\phpunit\SweCalcValidationTest.php" tests="1" assertions="3" errors="0" failures="0" skipped="0" time="0.000102">
        <testcase name="testInvalidIpl" file="C:\Users\serge\OneDrive\Documents\Fractal\Projects\Component\Swisseph\php-swisseph\tests\phpunit\SweCalcValidationTest.php" line="8" class="SweCalcValidationTest" classname="SweCalcValidationTest" assertions="3" time="0.000102"/>
      </testsuite>
      <testsuite name="SweCalcVenusTest" file="C:\Users\serge\OneDrive\Documents\Fractal\Projects\Component\Swisseph\php-swisseph\tests\phpunit\SweCalcVenusTest.php" tests="3" assertions="29" errors="0" failures="0" skipped="0" time="0.000834">
        <testcase name="testVenusDefaultSuccess" file="C:\Users\serge\OneDrive\Documents\Fractal\Projects\Component\Swisseph\php-swisseph\tests\phpunit\SweCalcVenusTest.php" line="8" class="SweCalcVenusTest" classname="SweCalcVenusTest" assertions="11" time="0.000645"/>
        <testcase name="testVenusEquatorialRadians" file="C:\Users\serge\OneDrive\Documents\Fractal\Projects\Component\Swisseph\php-swisseph\tests\phpunit\SweCalcVenusTest.php" line="24" class="SweCalcVenusTest" classname="SweCalcVenusTest" assertions="11" time="0.000099"/>
        <testcase name="testVenusSpeed" file="C:\Users\serge\OneDrive\Documents\Fractal\Projects\Component\Swisseph\php-swisseph\tests\phpunit\SweCalcVenusTest.php" line="41" class="SweCalcVenusTest" classname="SweCalcVenusTest" assertions="7" time="0.000090"/>
      </testsuite>
      <testsuite name="SweHouseWrappersTest" file="C:\Users\serge\OneDrive\Documents\Fractal\Projects\Component\Swisseph\php-swisseph\tests\phpunit\SweHouseWrappersTest.php" tests="2" assertions="4" errors="0" failures="0" skipped="0" time="0.000098">
        <testcase name="testHouseName" file="C:\Users\serge\OneDrive\Documents\Fractal\Projects\Component\Swisseph\php-swisseph\tests\phpunit\SweHouseWrappersTest.php" line="9" class="SweHouseWrappersTest" classname="SweHouseWrappersTest" assertions="2" time="0.000043"/>
        <testcase name="testHousePosEqual" file="C:\Users\serge\OneDrive\Documents\Fractal\Projects\Component\Swisseph\php-swisseph\tests\phpunit\SweHouseWrappersTest.php" line="15" class="SweHouseWrappersTest" classname="SweHouseWrappersTest" assertions="2" time="0.000055"/>
      </testsuite>
      <testsuite name="SweHousesEx2SpeedsTest" file="C:\Users\serge\OneDrive\Documents\Fractal\Projects\Component\Swisseph\php-swisseph\tests\phpunit\SweHousesEx2SpeedsTest.php" tests="2" assertions="79" errors="0" failures="0" skipped="0" time="0.000503">
        <testcase name="testAscmc2AndSpeedsForRegularSystem" file="C:\Users\serge\OneDrive\Documents\Fractal\Projects\Component\Swisseph\php-swisseph\tests\phpunit\SweHousesEx2SpeedsTest.php" line="12" class="SweHousesEx2SpeedsTest" classname="SweHousesEx2SpeedsTest" assertions="27" time="0.000072"/>
        <testcase name="testAscmc2AndSpeedsForGauquelin" file="C:\Users\serge\OneDrive\Documents\Fractal\Projects\Component\Swisseph\php-swisseph\tests\phpunit\SweHousesEx2SpeedsTest.php" line="31" class="SweHousesEx2SpeedsTest" classname="SweHousesEx2SpeedsTest" assertions="52" time="0.000431"/>
      </testsuite>
      <testsuite name="TimeConversionTest" file="C:\Users\serge\OneDrive\Documents\Fractal\Projects\Component\Swisseph\php-swisseph\tests\phpunit\TimeConversionTest.php" tests="6" assertions="14" errors="0" failures="0" skipped="0" time="0.000271">
        <testcase name="testLmtToLatBasic" file="C:\Users\serge\OneDrive\Documents\Fractal\Projects\Component\Swisseph\php-swisseph\tests\phpunit\TimeConversionTest.php" line="10" class="TimeConversionTest" classname="TimeConversionTest" assertions="3" time="0.000061"/>
        <testcase name="testLatToLmtBasic" file="C:\Users\serge\OneDrive\Documents\Fractal\Projects\Component\Swisseph\php-swisseph\tests\phpunit\TimeConversionTest.php" line="28" class="TimeConversionTest" classname="TimeConversionTest" assertions="3" time="0.000045"/>
        <testcase name="testLmtLatRoundtrip" file="C:\Users\serge\OneDrive\Documents\Fractal\Projects\Component\Swisseph\php-swisseph\tests\phpunit\TimeConversionTest.php" line="45" class="TimeConversionTest" classname="TimeConversionTest" assertions="1" time="0.000042"/>
        <testcase name="testLmtToLatWithLongitude" file="C:\Users\serge\OneDrive\Documents\Fractal\Projects\Component\Swisseph\php-swisseph\tests\phpunit\TimeConversionTest.php" line="63" class="TimeConversionTest" classname="TimeConversionTest" assertions="3" time="0.000039"/>
        <testcase name="testLatToLmtWithNegativeLongitude" file="C:\Users\serge\OneDrive\Documents\Fractal\Projects\Component\Swisseph\php-swisseph\tests\phpunit\TimeConversionTest.php" line="81" class="TimeConversionTest" classname="TimeConversionTest" assertions="2" time="0.000042"/>
        <testcase name="testEquationOfTimeEffect" file="C:\Users\serge\OneDrive\Documents\Fractal\Projects\Component\Swisseph\php-swisseph\tests\phpunit\TimeConversionTest.php" line="94" class="TimeConversionTest" classname="TimeConversionTest" assertions="2" time="0.000041"/>
      </testsuite>
      <testsuite name="UtcJdPhpUnitTest" file="C:\Users\serge\OneDrive\Documents\Fractal\Projects\Component\Swisseph\php-swisseph\tests\phpunit\UtcJdPhpUnitTest.php" tests="1" assertions="6" errors="0" failures="0" skipped="0" time="0.000280">
        <testcase name="testRoundTrip" file="C:\Users\serge\OneDrive\Documents\Fractal\Projects\Component\Swisseph\php-swisseph\tests\phpunit\UtcJdPhpUnitTest.php" line="8" class="UtcJdPhpUnitTest" classname="UtcJdPhpUnitTest" assertions="6" time="0.000280"/>
      </testsuite>
      <testsuite name="Vsop87PlanetSupportTest" file="C:\Users\serge\OneDrive\Documents\Fractal\Projects\Component\Swisseph\php-swisseph\tests\phpunit\Vsop87PlanetSupportTest.php" tests="8" assertions="24" errors="0" failures="0" skipped="0" time="0.030281">
        <testcase name="testMercurySupported" file="C:\Users\serge\OneDrive\Documents\Fractal\Projects\Component\Swisseph\php-swisseph\tests\phpunit\Vsop87PlanetSupportTest.php" line="25" class="Vsop87PlanetSupportTest" classname="Vsop87PlanetSupportTest" assertions="3" time="0.001113"/>
        <testcase name="testVenusSupported" file="C:\Users\serge\OneDrive\Documents\Fractal\Projects\Component\Swisseph\php-swisseph\tests\phpunit\Vsop87PlanetSupportTest.php" line="34" class="Vsop87PlanetSupportTest" classname="Vsop87PlanetSupportTest" assertions="3" time="0.003708"/>
        <testcase name="testMarsSupported" file="C:\Users\serge\OneDrive\Documents\Fractal\Projects\Component\Swisseph\php-swisseph\tests\phpunit\Vsop87PlanetSupportTest.php" line="43" class="Vsop87PlanetSupportTest" classname="Vsop87PlanetSupportTest" assertions="3" time="0.005600"/>
        <testcase name="testJupiterSupported" file="C:\Users\serge\OneDrive\Documents\Fractal\Projects\Component\Swisseph\php-swisseph\tests\phpunit\Vsop87PlanetSupportTest.php" line="52" class="Vsop87PlanetSupportTest" classname="Vsop87PlanetSupportTest" assertions="3" time="0.004276"/>
        <testcase name="testSaturnSupported" file="C:\Users\serge\OneDrive\Documents\Fractal\Projects\Component\Swisseph\php-swisseph\tests\phpunit\Vsop87PlanetSupportTest.php" line="61" class="Vsop87PlanetSupportTest" classname="Vsop87PlanetSupportTest" assertions="3" time="0.006820"/>
        <testcase name="testUranusSupported" file="C:\Users\serge\OneDrive\Documents\Fractal\Projects\Component\Swisseph\php-swisseph\tests\phpunit\Vsop87PlanetSupportTest.php" line="70" class="Vsop87PlanetSupportTest" classname="Vsop87PlanetSupportTest" assertions="3" time="0.005054"/>
        <testcase name="testNeptuneSupported" file="C:\Users\serge\OneDrive\Documents\Fractal\Projects\Component\Swisseph\php-swisseph\tests\phpunit\Vsop87PlanetSupportTest.php" line="79" class="Vsop87PlanetSupportTest" classname="Vsop87PlanetSupportTest" assertions="3" time="0.003652"/>
        <testcase name="testPlutoNotSupportedByVsop87" file="C:\Users\serge\OneDrive\Documents\Fractal\Projects\Component\Swisseph\php-swisseph\tests\phpunit\Vsop87PlanetSupportTest.php" line="88" class="Vsop87PlanetSupportTest" classname="Vsop87PlanetSupportTest" assertions="3" time="0.000058"/>
      </testsuite>
    </testsuite>
  </testsuite>
</testsuites>
